###############################################################################
#
# IAR ELF Linker V7.20.2.7424/W32 for ARM                 18/Nov/2021  11:29:35
# Copyright 2007-2014 IAR Systems AB.
#
#    Output file  =  
#        D:\物联网工程\嵌入式\2-EXTI -Init\Project\Debug\Exe\EXTI.out
#    Map file     =  
#        D:\物联网工程\嵌入式\2-EXTI -Init\Project\Debug\List\EXTI.map
#    Command line =  
#        "D:\物联网工程\嵌入式\2-EXTI -Init\Project\Debug\Obj\delay.o"
#        "D:\物联网工程\嵌入式\2-EXTI -Init\Project\Debug\Obj\exti.o"
#        "D:\物联网工程\嵌入式\2-EXTI -Init\Project\Debug\Obj\key.o"
#        "D:\物联网工程\嵌入式\2-EXTI -Init\Project\Debug\Obj\led.o"
#        "D:\物联网工程\嵌入式\2-EXTI -Init\Project\Debug\Obj\main.o"
#        "D:\物联网工程\嵌入式\2-EXTI -Init\Project\Debug\Obj\misc.o"
#        "D:\物联网工程\嵌入式\2-EXTI
#        -Init\Project\Debug\Obj\startup_stm32f40xx.o"
#        "D:\物联网工程\嵌入式\2-EXTI -Init\Project\Debug\Obj\stm32f4xx_exti.o"
#        "D:\物联网工程\嵌入式\2-EXTI -Init\Project\Debug\Obj\stm32f4xx_gpio.o"
#        "D:\物联网工程\嵌入式\2-EXTI -Init\Project\Debug\Obj\stm32f4xx_rcc.o"
#        "D:\物联网工程\嵌入式\2-EXTI
#        -Init\Project\Debug\Obj\stm32f4xx_syscfg.o"
#        "D:\物联网工程\嵌入式\2-EXTI
#        -Init\Project\Debug\Obj\system_stm32f4xx.o" --redirect
#        _Printf=_PrintfFull -o "D:\物联网工程\嵌入式\2-EXTI
#        -Init\Project\Debug\Exe\EXTI.out" --map "D:\物联网工程\嵌入式\2-EXTI
#        -Init\Project\Debug\List\EXTI.map" --config "D:\Program Files
#        (x86)\IAR Systems\Embedded Workbench
#        7.0\arm\config\linker\ST\stm32f407xE.icf" --semihosting --entry
#        __iar_program_start --vfe
#
###############################################################################

*******************************************************************************
*** RUNTIME MODEL ATTRIBUTES
***

CppFlavor       = *
__SystemLibrary = DLib


*******************************************************************************
*** PLACEMENT SUMMARY
***

"A1":  place at 0x08000000 { ro section .intvec };
"P1":  place in [from 0x08000000 to 0x0807ffff] { ro };
"P2":  place in [from 0x20000000 to 0x2001ffff] { rw, block CSTACK, block HEAP };

  Section          Kind        Address    Size  Object
  -------          ----        -------    ----  ------
"A1":                                    0x188
  .intvec          ro code  0x08000000   0x188  startup_stm32f40xx.o [1]
                          - 0x08000188   0x188

"P1":                                    0x9d8
  .text            ro code  0x08000188   0x154  system_stm32f4xx.o [1]
  .text            ro code  0x080002dc   0x10c  led.o [1]
  .text            ro code  0x080003e8    0x48  stm32f4xx_rcc.o [1]
  .text            ro code  0x08000430    0xc4  stm32f4xx_gpio.o [1]
  .text            ro code  0x080004f4    0xf8  main.o [1]
  .text            ro code  0x080005ec    0xa4  key.o [1]
  .text            ro code  0x08000690    0xf4  exti.o [1]
  .text            ro code  0x08000784    0x54  stm32f4xx_syscfg.o [1]
  .text            ro code  0x080007d8    0xbc  stm32f4xx_exti.o [1]
  .text            ro code  0x08000894    0x74  misc.o [1]
  .text            ro code  0x08000908    0x1a  delay.o [1]
  .text            ro code  0x08000922    0x22  zero_init3.o [5]
  .text            ro code  0x08000944    0x28  data_init.o [5]
  .iar.init_table  const    0x0800096c    0x10  - Linker created -
  .text            ro code  0x0800097c    0x1a  fpinit_M.o [4]
  .text            ro code  0x08000998    0x1a  cmain.o [5]
  .text            ro code  0x080009b2     0x4  low_level_init.o [3]
  .text            ro code  0x080009b6     0x4  exit.o [3]
  .text            ro code  0x080009bc     0xa  cexit.o [5]
  .text            ro code  0x080009c8    0x14  exit.o [6]
  .text            ro code  0x080009dc    0x10  startup_stm32f40xx.o [1]
  .text            ro code  0x080009ec     0xc  cstartup_M.o [5]
  .text            ro code  0x080009f8     0x4  startup_stm32f40xx.o [1]
  .text            ro code  0x080009fc     0x4  startup_stm32f40xx.o [1]
  .text            ro code  0x08000a00     0x4  startup_stm32f40xx.o [1]
  .text            ro code  0x08000a04     0x4  startup_stm32f40xx.o [1]
  .text            ro code  0x08000a08     0x4  startup_stm32f40xx.o [1]
  .text            ro code  0x08000a0c     0x4  startup_stm32f40xx.o [1]
  .text            ro code  0x08000a10     0x4  startup_stm32f40xx.o [1]
  .text            ro code  0x08000a14     0x4  startup_stm32f40xx.o [1]
  .text            ro code  0x08000a18     0x4  startup_stm32f40xx.o [1]
  .text            ro code  0x08000a1c     0x4  startup_stm32f40xx.o [1]
  .text            ro code  0x08000a20     0x4  startup_stm32f40xx.o [1]
  .text            ro code  0x08000a24     0x4  startup_stm32f40xx.o [1]
  .text            ro code  0x08000a28     0x4  startup_stm32f40xx.o [1]
  .text            ro code  0x08000a2c     0x4  startup_stm32f40xx.o [1]
  .text            ro code  0x08000a30     0x4  startup_stm32f40xx.o [1]
  .text            ro code  0x08000a34     0x4  startup_stm32f40xx.o [1]
  .text            ro code  0x08000a38     0x4  startup_stm32f40xx.o [1]
  .text            ro code  0x08000a3c     0x4  startup_stm32f40xx.o [1]
  .text            ro code  0x08000a40     0x4  startup_stm32f40xx.o [1]
  .text            ro code  0x08000a44     0x4  startup_stm32f40xx.o [1]
  .text            ro code  0x08000a48     0x4  startup_stm32f40xx.o [1]
  .text            ro code  0x08000a4c     0x4  startup_stm32f40xx.o [1]
  .text            ro code  0x08000a50     0x4  startup_stm32f40xx.o [1]
  .text            ro code  0x08000a54     0x4  startup_stm32f40xx.o [1]
  .text            ro code  0x08000a58     0x4  startup_stm32f40xx.o [1]
  .text            ro code  0x08000a5c     0x4  startup_stm32f40xx.o [1]
  .text            ro code  0x08000a60     0x4  startup_stm32f40xx.o [1]
  .text            ro code  0x08000a64     0x4  startup_stm32f40xx.o [1]
  .text            ro code  0x08000a68     0x4  startup_stm32f40xx.o [1]
  .text            ro code  0x08000a6c     0x4  startup_stm32f40xx.o [1]
  .text            ro code  0x08000a70     0x4  startup_stm32f40xx.o [1]
  .text            ro code  0x08000a74     0x4  startup_stm32f40xx.o [1]
  .text            ro code  0x08000a78     0x4  startup_stm32f40xx.o [1]
  .text            ro code  0x08000a7c     0x4  startup_stm32f40xx.o [1]
  .text            ro code  0x08000a80     0x4  startup_stm32f40xx.o [1]
  .text            ro code  0x08000a84     0x4  startup_stm32f40xx.o [1]
  .text            ro code  0x08000a88     0x4  startup_stm32f40xx.o [1]
  .text            ro code  0x08000a8c     0x4  startup_stm32f40xx.o [1]
  .text            ro code  0x08000a90     0x4  startup_stm32f40xx.o [1]
  .text            ro code  0x08000a94     0x4  startup_stm32f40xx.o [1]
  .text            ro code  0x08000a98     0x4  startup_stm32f40xx.o [1]
  .text            ro code  0x08000a9c     0x4  startup_stm32f40xx.o [1]
  .text            ro code  0x08000aa0     0x4  startup_stm32f40xx.o [1]
  .text            ro code  0x08000aa4     0x4  startup_stm32f40xx.o [1]
  .text            ro code  0x08000aa8     0x4  startup_stm32f40xx.o [1]
  .text            ro code  0x08000aac     0x4  startup_stm32f40xx.o [1]
  .text            ro code  0x08000ab0     0x4  startup_stm32f40xx.o [1]
  .text            ro code  0x08000ab4     0x4  startup_stm32f40xx.o [1]
  .text            ro code  0x08000ab8     0x4  startup_stm32f40xx.o [1]
  .text            ro code  0x08000abc     0x4  startup_stm32f40xx.o [1]
  .text            ro code  0x08000ac0     0x4  startup_stm32f40xx.o [1]
  .text            ro code  0x08000ac4     0x4  startup_stm32f40xx.o [1]
  .text            ro code  0x08000ac8     0x4  startup_stm32f40xx.o [1]
  .text            ro code  0x08000acc     0x4  startup_stm32f40xx.o [1]
  .text            ro code  0x08000ad0     0x4  startup_stm32f40xx.o [1]
  .text            ro code  0x08000ad4     0x4  startup_stm32f40xx.o [1]
  .text            ro code  0x08000ad8     0x4  startup_stm32f40xx.o [1]
  .text            ro code  0x08000adc     0x4  startup_stm32f40xx.o [1]
  .text            ro code  0x08000ae0     0x4  startup_stm32f40xx.o [1]
  .text            ro code  0x08000ae4     0x4  startup_stm32f40xx.o [1]
  .text            ro code  0x08000ae8     0x4  startup_stm32f40xx.o [1]
  .text            ro code  0x08000aec     0x4  startup_stm32f40xx.o [1]
  .text            ro code  0x08000af0     0x4  startup_stm32f40xx.o [1]
  .text            ro code  0x08000af4     0x4  startup_stm32f40xx.o [1]
  .text            ro code  0x08000af8     0x4  startup_stm32f40xx.o [1]
  .text            ro code  0x08000afc     0x4  startup_stm32f40xx.o [1]
  .text            ro code  0x08000b00     0x4  startup_stm32f40xx.o [1]
  .text            ro code  0x08000b04     0x4  startup_stm32f40xx.o [1]
  .text            ro code  0x08000b08     0x4  startup_stm32f40xx.o [1]
  .text            ro code  0x08000b0c     0x4  startup_stm32f40xx.o [1]
  .text            ro code  0x08000b10     0x4  startup_stm32f40xx.o [1]
  .text            ro code  0x08000b14     0x4  startup_stm32f40xx.o [1]
  .text            ro code  0x08000b18     0x4  startup_stm32f40xx.o [1]
  .text            ro code  0x08000b1c     0x4  startup_stm32f40xx.o [1]
  .text            ro code  0x08000b20     0x4  startup_stm32f40xx.o [1]
  .text            ro code  0x08000b24     0x4  startup_stm32f40xx.o [1]
  .text            ro code  0x08000b28     0x4  startup_stm32f40xx.o [1]
  .text            ro code  0x08000b2c     0x4  startup_stm32f40xx.o [1]
  .text            ro code  0x08000b30     0x4  startup_stm32f40xx.o [1]
  .text            ro code  0x08000b34     0x4  startup_stm32f40xx.o [1]
  .text            ro code  0x08000b38     0x4  startup_stm32f40xx.o [1]
  .text            ro code  0x08000b3c     0x4  startup_stm32f40xx.o [1]
  .text            ro code  0x08000b40     0x4  startup_stm32f40xx.o [1]
  .text            ro code  0x08000b44     0x4  startup_stm32f40xx.o [1]
  .text            ro code  0x08000b48     0x4  startup_stm32f40xx.o [1]
  .text            ro code  0x08000b4c     0x4  startup_stm32f40xx.o [1]
  .text            ro code  0x08000b50     0x4  startup_stm32f40xx.o [1]
  .text            ro code  0x08000b54     0x4  startup_stm32f40xx.o [1]
  .text            ro code  0x08000b58     0x4  startup_stm32f40xx.o [1]
  .text            ro code  0x08000b5c     0x4  startup_stm32f40xx.o [1]
  .rodata          const    0x08000b60     0x0  zero_init3.o [5]
                          - 0x08000b60   0x9d8

"P2":                                   0x2008
  .bss             zero     0x20000000     0x4  main.o [1]
  .bss             zero     0x20000004     0x1  main.o [1]
  CSTACK                    0x20000008  0x2000  <Block>
    CSTACK         uninit   0x20000008  0x2000  <Block tail>
                          - 0x20002008  0x2008


*******************************************************************************
*** INIT TABLE
***

          Address     Size
          -------     ----
Zero (__iar_zero_init3)
    1 destination range, total size 0x5:
          0x20000000   0x5



*******************************************************************************
*** MODULE SUMMARY
***

    Module                ro code  ro data  rw data
    ------                -------  -------  -------
D:\物联网工程\嵌入式\2-EXTI -Init\Project\Debug\Obj: [1]
    delay.o                    26
    exti.o                    244
    key.o                     164
    led.o                     268
    main.o                    248                 5
    misc.o                    116
    startup_stm32f40xx.o      768
    stm32f4xx_exti.o          188
    stm32f4xx_gpio.o          196
    stm32f4xx_rcc.o            72
    stm32f4xx_syscfg.o         84
    system_stm32f4xx.o        340
    -----------------------------------------------
    Total:                  2 714                 5

command line: [2]
    -----------------------------------------------
    Total:

dl7M_tln.a: [3]
    exit.o                      4
    low_level_init.o            4
    -----------------------------------------------
    Total:                      8

m7M_tlv.a: [4]
    fpinit_M.o                 26
    -----------------------------------------------
    Total:                     26

rt7M_tl.a: [5]
    cexit.o                    10
    cmain.o                    26
    cstartup_M.o               12
    data_init.o                40
    zero_init3.o               34
    -----------------------------------------------
    Total:                    122

shb_l.a: [6]
    exit.o                     20
    -----------------------------------------------
    Total:                     20

    Gaps                        6
    Linker created                      16    8 192
---------------------------------------------------
    Grand Total:            2 896       16    8 197


*******************************************************************************
*** ENTRY LIST
***

Entry                      Address  Size  Type      Object
-----                      -------  ----  ----      ------
?main                   0x08000999        Code  Gb  cmain.o [5]
CSTACK$$Base            0x20000008         --   Gb  - Linker created -
CSTACK$$Limit           0x20002008         --   Gb  - Linker created -
EXTI15_10_IRQHandler    0x080006ef  0x8e  Code  Gb  exti.o [1]
EXTI_ClearITPendingBit  0x08000877   0x6  Code  Gb  stm32f4xx_exti.o [1]
EXTI_GetITStatus        0x08000861  0x16  Code  Gb  stm32f4xx_exti.o [1]
EXTI_Init               0x080007d9  0x88  Code  Gb  stm32f4xx_exti.o [1]
GPIO_Init               0x08000431  0xa6  Code  Gb  stm32f4xx_gpio.o [1]
GPIO_ReadInputDataBit   0x080004d7  0x16  Code  Gb  stm32f4xx_gpio.o [1]
GPIO_ResetBits          0x080004f1   0x4  Code  Gb  stm32f4xx_gpio.o [1]
GPIO_SetBits            0x080004ed   0x4  Code  Gb  stm32f4xx_gpio.o [1]
NVIC_Init               0x08000895  0x64  Code  Gb  misc.o [1]
RCC_AHB1PeriphClockCmd  0x080003e9  0x20  Code  Gb  stm32f4xx_rcc.o [1]
RCC_APB2PeriphClockCmd  0x08000409  0x20  Code  Gb  stm32f4xx_rcc.o [1]
Region$$Table$$Base     0x0800096c         --   Gb  - Linker created -
Region$$Table$$Limit    0x0800097c         --   Gb  - Linker created -
SYSCFG_EXTILineConfig   0x08000785  0x50  Code  Gb  stm32f4xx_syscfg.o [1]
SetSysClock             0x080001db  0xce  Code  Lc  system_stm32f4xx.o [1]
SystemInit              0x08000189  0x52  Code  Gb  system_stm32f4xx.o [1]
__as_entries_start      0xffffffff         --   Gb  command line/config [2]
__as_table_start        0xffffffff         --   Gb  command line/config [2]
__cmain                 0x08000999        Code  Gb  cmain.o [5]
__exit                  0x080009c9  0x14  Code  Gb  exit.o [6]
__iar_data_init3        0x08000945  0x28  Code  Gb  data_init.o [5]
__iar_init_vfp          0x0800097d        Code  Gb  fpinit_M.o [4]
__iar_program_start     0x080009ed        Code  Gb  cstartup_M.o [5]
__iar_zero_init3        0x08000923  0x22  Code  Gb  zero_init3.o [5]
__low_level_init        0x080009b3   0x4  Code  Gb  low_level_init.o [3]
__vector_table          0x08000000        Data  Gb  startup_stm32f40xx.o [1]
_call_main              0x080009a5        Code  Gb  cmain.o [5]
_exit                   0x080009bd        Code  Gb  cexit.o [5]
_main                   0x080009af        Code  Gb  cmain.o [5]
count                   0x20000000   0x4  Data  Gb  main.o [1]
delay_count             0x08000909  0x1a  Code  Gb  delay.o [1]
exit                    0x080009b7   0x4  Code  Gb  exit.o [3]
exti_init               0x08000691  0x5e  Code  Gb  exti.o [1]
get_key_status          0x08000639  0x52  Code  Gb  key.o [1]
key_init                0x080005ed  0x4c  Code  Gb  key.o [1]
led_init                0x080002dd  0x4e  Code  Gb  led.o [1]
led_status              0x20000004   0x1  Data  Gb  main.o [1]
main                    0x080004f5  0xf8  Code  Gb  main.o [1]
turn_off                0x0800032b  0x5a  Code  Gb  led.o [1]
turn_on                 0x08000385  0x5a  Code  Gb  led.o [1]


[1] = D:\物联网工程\嵌入式\2-EXTI -Init\Project\Debug\Obj
[2] = command line
[3] = dl7M_tln.a
[4] = m7M_tlv.a
[5] = rt7M_tl.a
[6] = shb_l.a

  2 896 bytes of readonly  code memory
     16 bytes of readonly  data memory
  8 197 bytes of readwrite data memory

Errors: none
Warnings: none
