###############################################################################
#
# IAR ELF Linker V7.20.2.7424/W32 for ARM                 28/Oct/2021  09:54:01
# Copyright 2007-2014 IAR Systems AB.
#
#    Output file  =  
#        D:\Users\20669\Desktop\2-EXTI -Init-basic\Project\Debug\Exe\EXTI.out
#    Map file     =  
#        D:\Users\20669\Desktop\2-EXTI -Init-basic\Project\Debug\List\EXTI.map
#    Command line =  
#        "D:\Users\20669\Desktop\2-EXTI -Init-basic\Project\Debug\Obj\delay.o"
#        "D:\Users\20669\Desktop\2-EXTI -Init-basic\Project\Debug\Obj\exti.o"
#        "D:\Users\20669\Desktop\2-EXTI -Init-basic\Project\Debug\Obj\key.o"
#        "D:\Users\20669\Desktop\2-EXTI -Init-basic\Project\Debug\Obj\led.o"
#        "D:\Users\20669\Desktop\2-EXTI -Init-basic\Project\Debug\Obj\main.o"
#        "D:\Users\20669\Desktop\2-EXTI -Init-basic\Project\Debug\Obj\misc.o"
#        "D:\Users\20669\Desktop\2-EXTI
#        -Init-basic\Project\Debug\Obj\startup_stm32f40xx.o"
#        "D:\Users\20669\Desktop\2-EXTI
#        -Init-basic\Project\Debug\Obj\stm32f4xx_exti.o"
#        "D:\Users\20669\Desktop\2-EXTI
#        -Init-basic\Project\Debug\Obj\stm32f4xx_gpio.o"
#        "D:\Users\20669\Desktop\2-EXTI
#        -Init-basic\Project\Debug\Obj\stm32f4xx_rcc.o"
#        "D:\Users\20669\Desktop\2-EXTI
#        -Init-basic\Project\Debug\Obj\stm32f4xx_syscfg.o"
#        "D:\Users\20669\Desktop\2-EXTI
#        -Init-basic\Project\Debug\Obj\system_stm32f4xx.o" --redirect
#        _Printf=_PrintfFull -o "D:\Users\20669\Desktop\2-EXTI
#        -Init-basic\Project\Debug\Exe\EXTI.out" --map
#        "D:\Users\20669\Desktop\2-EXTI
#        -Init-basic\Project\Debug\List\EXTI.map" --config "D:\Program Files
#        (x86)\IAR Systems\Embedded Workbench
#        7.0\arm\config\linker\ST\stm32f407xE.icf" --semihosting --entry
#        __iar_program_start --vfe
#
###############################################################################

*******************************************************************************
*** RUNTIME MODEL ATTRIBUTES
***

CppFlavor       = *
__SystemLibrary = DLib


*******************************************************************************
*** PLACEMENT SUMMARY
***

"A1":  place at 0x08000000 { ro section .intvec };
"P1":  place in [from 0x08000000 to 0x0807ffff] { ro };
"P2":  place in [from 0x20000000 to 0x2001ffff] { rw, block CSTACK, block HEAP };

  Section          Kind        Address    Size  Object
  -------          ----        -------    ----  ------
"A1":                                    0x188
  .intvec          ro code  0x08000000   0x188  startup_stm32f40xx.o [1]
                          - 0x08000188   0x188

"P1":                                    0x8e8
  .text            ro code  0x08000188   0x154  system_stm32f4xx.o [1]
  .text            ro code  0x080002dc   0x10c  led.o [1]
  .text            ro code  0x080003e8    0x48  stm32f4xx_rcc.o [1]
  .text            ro code  0x08000430    0xc4  stm32f4xx_gpio.o [1]
  .text            ro code  0x080004f4    0xc4  exti.o [1]
  .text            ro code  0x080005b8    0xa4  key.o [1]
  .text            ro code  0x0800065c    0x54  stm32f4xx_syscfg.o [1]
  .text            ro code  0x080006b0    0xbc  stm32f4xx_exti.o [1]
  .text            ro code  0x0800076c    0x74  misc.o [1]
  .text            ro code  0x080007e0    0x1a  delay.o [1]
  .text            ro code  0x080007fa    0x22  zero_init3.o [5]
  .text            ro code  0x0800081c    0x38  main.o [1]
  .text            ro code  0x08000854    0x28  data_init.o [5]
  .iar.init_table  const    0x0800087c    0x10  - Linker created -
  .text            ro code  0x0800088c    0x1a  fpinit_M.o [4]
  .text            ro code  0x080008a8    0x1a  cmain.o [5]
  .text            ro code  0x080008c2     0x4  low_level_init.o [3]
  .text            ro code  0x080008c6     0x4  exit.o [3]
  .text            ro code  0x080008cc     0xa  cexit.o [5]
  .text            ro code  0x080008d8    0x14  exit.o [6]
  .text            ro code  0x080008ec    0x10  startup_stm32f40xx.o [1]
  .text            ro code  0x080008fc     0xc  cstartup_M.o [5]
  .text            ro code  0x08000908     0x4  startup_stm32f40xx.o [1]
  .text            ro code  0x0800090c     0x4  startup_stm32f40xx.o [1]
  .text            ro code  0x08000910     0x4  startup_stm32f40xx.o [1]
  .text            ro code  0x08000914     0x4  startup_stm32f40xx.o [1]
  .text            ro code  0x08000918     0x4  startup_stm32f40xx.o [1]
  .text            ro code  0x0800091c     0x4  startup_stm32f40xx.o [1]
  .text            ro code  0x08000920     0x4  startup_stm32f40xx.o [1]
  .text            ro code  0x08000924     0x4  startup_stm32f40xx.o [1]
  .text            ro code  0x08000928     0x4  startup_stm32f40xx.o [1]
  .text            ro code  0x0800092c     0x4  startup_stm32f40xx.o [1]
  .text            ro code  0x08000930     0x4  startup_stm32f40xx.o [1]
  .text            ro code  0x08000934     0x4  startup_stm32f40xx.o [1]
  .text            ro code  0x08000938     0x4  startup_stm32f40xx.o [1]
  .text            ro code  0x0800093c     0x4  startup_stm32f40xx.o [1]
  .text            ro code  0x08000940     0x4  startup_stm32f40xx.o [1]
  .text            ro code  0x08000944     0x4  startup_stm32f40xx.o [1]
  .text            ro code  0x08000948     0x4  startup_stm32f40xx.o [1]
  .text            ro code  0x0800094c     0x4  startup_stm32f40xx.o [1]
  .text            ro code  0x08000950     0x4  startup_stm32f40xx.o [1]
  .text            ro code  0x08000954     0x4  startup_stm32f40xx.o [1]
  .text            ro code  0x08000958     0x4  startup_stm32f40xx.o [1]
  .text            ro code  0x0800095c     0x4  startup_stm32f40xx.o [1]
  .text            ro code  0x08000960     0x4  startup_stm32f40xx.o [1]
  .text            ro code  0x08000964     0x4  startup_stm32f40xx.o [1]
  .text            ro code  0x08000968     0x4  startup_stm32f40xx.o [1]
  .text            ro code  0x0800096c     0x4  startup_stm32f40xx.o [1]
  .text            ro code  0x08000970     0x4  startup_stm32f40xx.o [1]
  .text            ro code  0x08000974     0x4  startup_stm32f40xx.o [1]
  .text            ro code  0x08000978     0x4  startup_stm32f40xx.o [1]
  .text            ro code  0x0800097c     0x4  startup_stm32f40xx.o [1]
  .text            ro code  0x08000980     0x4  startup_stm32f40xx.o [1]
  .text            ro code  0x08000984     0x4  startup_stm32f40xx.o [1]
  .text            ro code  0x08000988     0x4  startup_stm32f40xx.o [1]
  .text            ro code  0x0800098c     0x4  startup_stm32f40xx.o [1]
  .text            ro code  0x08000990     0x4  startup_stm32f40xx.o [1]
  .text            ro code  0x08000994     0x4  startup_stm32f40xx.o [1]
  .text            ro code  0x08000998     0x4  startup_stm32f40xx.o [1]
  .text            ro code  0x0800099c     0x4  startup_stm32f40xx.o [1]
  .text            ro code  0x080009a0     0x4  startup_stm32f40xx.o [1]
  .text            ro code  0x080009a4     0x4  startup_stm32f40xx.o [1]
  .text            ro code  0x080009a8     0x4  startup_stm32f40xx.o [1]
  .text            ro code  0x080009ac     0x4  startup_stm32f40xx.o [1]
  .text            ro code  0x080009b0     0x4  startup_stm32f40xx.o [1]
  .text            ro code  0x080009b4     0x4  startup_stm32f40xx.o [1]
  .text            ro code  0x080009b8     0x4  startup_stm32f40xx.o [1]
  .text            ro code  0x080009bc     0x4  startup_stm32f40xx.o [1]
  .text            ro code  0x080009c0     0x4  startup_stm32f40xx.o [1]
  .text            ro code  0x080009c4     0x4  startup_stm32f40xx.o [1]
  .text            ro code  0x080009c8     0x4  startup_stm32f40xx.o [1]
  .text            ro code  0x080009cc     0x4  startup_stm32f40xx.o [1]
  .text            ro code  0x080009d0     0x4  startup_stm32f40xx.o [1]
  .text            ro code  0x080009d4     0x4  startup_stm32f40xx.o [1]
  .text            ro code  0x080009d8     0x4  startup_stm32f40xx.o [1]
  .text            ro code  0x080009dc     0x4  startup_stm32f40xx.o [1]
  .text            ro code  0x080009e0     0x4  startup_stm32f40xx.o [1]
  .text            ro code  0x080009e4     0x4  startup_stm32f40xx.o [1]
  .text            ro code  0x080009e8     0x4  startup_stm32f40xx.o [1]
  .text            ro code  0x080009ec     0x4  startup_stm32f40xx.o [1]
  .text            ro code  0x080009f0     0x4  startup_stm32f40xx.o [1]
  .text            ro code  0x080009f4     0x4  startup_stm32f40xx.o [1]
  .text            ro code  0x080009f8     0x4  startup_stm32f40xx.o [1]
  .text            ro code  0x080009fc     0x4  startup_stm32f40xx.o [1]
  .text            ro code  0x08000a00     0x4  startup_stm32f40xx.o [1]
  .text            ro code  0x08000a04     0x4  startup_stm32f40xx.o [1]
  .text            ro code  0x08000a08     0x4  startup_stm32f40xx.o [1]
  .text            ro code  0x08000a0c     0x4  startup_stm32f40xx.o [1]
  .text            ro code  0x08000a10     0x4  startup_stm32f40xx.o [1]
  .text            ro code  0x08000a14     0x4  startup_stm32f40xx.o [1]
  .text            ro code  0x08000a18     0x4  startup_stm32f40xx.o [1]
  .text            ro code  0x08000a1c     0x4  startup_stm32f40xx.o [1]
  .text            ro code  0x08000a20     0x4  startup_stm32f40xx.o [1]
  .text            ro code  0x08000a24     0x4  startup_stm32f40xx.o [1]
  .text            ro code  0x08000a28     0x4  startup_stm32f40xx.o [1]
  .text            ro code  0x08000a2c     0x4  startup_stm32f40xx.o [1]
  .text            ro code  0x08000a30     0x4  startup_stm32f40xx.o [1]
  .text            ro code  0x08000a34     0x4  startup_stm32f40xx.o [1]
  .text            ro code  0x08000a38     0x4  startup_stm32f40xx.o [1]
  .text            ro code  0x08000a3c     0x4  startup_stm32f40xx.o [1]
  .text            ro code  0x08000a40     0x4  startup_stm32f40xx.o [1]
  .text            ro code  0x08000a44     0x4  startup_stm32f40xx.o [1]
  .text            ro code  0x08000a48     0x4  startup_stm32f40xx.o [1]
  .text            ro code  0x08000a4c     0x4  startup_stm32f40xx.o [1]
  .text            ro code  0x08000a50     0x4  startup_stm32f40xx.o [1]
  .text            ro code  0x08000a54     0x4  startup_stm32f40xx.o [1]
  .text            ro code  0x08000a58     0x4  startup_stm32f40xx.o [1]
  .text            ro code  0x08000a5c     0x4  startup_stm32f40xx.o [1]
  .text            ro code  0x08000a60     0x4  startup_stm32f40xx.o [1]
  .text            ro code  0x08000a64     0x4  startup_stm32f40xx.o [1]
  .text            ro code  0x08000a68     0x4  startup_stm32f40xx.o [1]
  .text            ro code  0x08000a6c     0x4  startup_stm32f40xx.o [1]
  .rodata          const    0x08000a70     0x0  zero_init3.o [5]
                          - 0x08000a70   0x8e8

"P2":                                   0x2008
  .bss             zero     0x20000000     0x1  main.o [1]
  CSTACK                    0x20000008  0x2000  <Block>
    CSTACK         uninit   0x20000008  0x2000  <Block tail>
                          - 0x20002008  0x2008


*******************************************************************************
*** INIT TABLE
***

          Address     Size
          -------     ----
Zero (__iar_zero_init3)
    1 destination range, total size 0x1:
          0x20000000   0x1



*******************************************************************************
*** MODULE SUMMARY
***

    Module                ro code  ro data  rw data
    ------                -------  -------  -------
D:\Users\20669\Desktop\2-EXTI -Init-basic\Project\Debug\Obj: [1]
    delay.o                    26
    exti.o                    196
    key.o                     164
    led.o                     268
    main.o                     56                 1
    misc.o                    116
    startup_stm32f40xx.o      768
    stm32f4xx_exti.o          188
    stm32f4xx_gpio.o          196
    stm32f4xx_rcc.o            72
    stm32f4xx_syscfg.o         84
    system_stm32f4xx.o        340
    -----------------------------------------------
    Total:                  2 474                 1

command line: [2]
    -----------------------------------------------
    Total:

dl7M_tln.a: [3]
    exit.o                      4
    low_level_init.o            4
    -----------------------------------------------
    Total:                      8

m7M_tlv.a: [4]
    fpinit_M.o                 26
    -----------------------------------------------
    Total:                     26

rt7M_tl.a: [5]
    cexit.o                    10
    cmain.o                    26
    cstartup_M.o               12
    data_init.o                40
    zero_init3.o               34
    -----------------------------------------------
    Total:                    122

shb_l.a: [6]
    exit.o                     20
    -----------------------------------------------
    Total:                     20

    Gaps                        6
    Linker created                      16    8 192
---------------------------------------------------
    Grand Total:            2 656       16    8 193


*******************************************************************************
*** ENTRY LIST
***

Entry                      Address  Size  Type      Object
-----                      -------  ----  ----      ------
?main                   0x080008a9        Code  Gb  cmain.o [5]
CSTACK$$Base            0x20000008         --   Gb  - Linker created -
CSTACK$$Limit           0x20002008         --   Gb  - Linker created -
EXTI15_10_IRQHandler    0x08000553  0x62  Code  Gb  exti.o [1]
EXTI_ClearITPendingBit  0x0800074f   0x6  Code  Gb  stm32f4xx_exti.o [1]
EXTI_GetITStatus        0x08000739  0x16  Code  Gb  stm32f4xx_exti.o [1]
EXTI_Init               0x080006b1  0x88  Code  Gb  stm32f4xx_exti.o [1]
GPIO_Init               0x08000431  0xa6  Code  Gb  stm32f4xx_gpio.o [1]
GPIO_ReadInputDataBit   0x080004d7  0x16  Code  Gb  stm32f4xx_gpio.o [1]
GPIO_ResetBits          0x080004f1   0x4  Code  Gb  stm32f4xx_gpio.o [1]
GPIO_SetBits            0x080004ed   0x4  Code  Gb  stm32f4xx_gpio.o [1]
NVIC_Init               0x0800076d  0x64  Code  Gb  misc.o [1]
RCC_AHB1PeriphClockCmd  0x080003e9  0x20  Code  Gb  stm32f4xx_rcc.o [1]
RCC_APB2PeriphClockCmd  0x08000409  0x20  Code  Gb  stm32f4xx_rcc.o [1]
Region$$Table$$Base     0x0800087c         --   Gb  - Linker created -
Region$$Table$$Limit    0x0800088c         --   Gb  - Linker created -
SYSCFG_EXTILineConfig   0x0800065d  0x50  Code  Gb  stm32f4xx_syscfg.o [1]
SetSysClock             0x080001db  0xce  Code  Lc  system_stm32f4xx.o [1]
SystemInit              0x08000189  0x52  Code  Gb  system_stm32f4xx.o [1]
__as_entries_start      0xffffffff         --   Gb  command line/config [2]
__as_table_start        0xffffffff         --   Gb  command line/config [2]
__cmain                 0x080008a9        Code  Gb  cmain.o [5]
__exit                  0x080008d9  0x14  Code  Gb  exit.o [6]
__iar_data_init3        0x08000855  0x28  Code  Gb  data_init.o [5]
__iar_init_vfp          0x0800088d        Code  Gb  fpinit_M.o [4]
__iar_program_start     0x080008fd        Code  Gb  cstartup_M.o [5]
__iar_zero_init3        0x080007fb  0x22  Code  Gb  zero_init3.o [5]
__low_level_init        0x080008c3   0x4  Code  Gb  low_level_init.o [3]
__vector_table          0x08000000        Data  Gb  startup_stm32f40xx.o [1]
_call_main              0x080008b5        Code  Gb  cmain.o [5]
_exit                   0x080008cd        Code  Gb  cexit.o [5]
_main                   0x080008bf        Code  Gb  cmain.o [5]
delay_count             0x080007e1  0x1a  Code  Gb  delay.o [1]
exit                    0x080008c7   0x4  Code  Gb  exit.o [3]
exti_init               0x080004f5  0x5e  Code  Gb  exti.o [1]
get_key_status          0x08000605  0x52  Code  Gb  key.o [1]
key_init                0x080005b9  0x4c  Code  Gb  key.o [1]
led_init                0x080002dd  0x4e  Code  Gb  led.o [1]
led_status              0x20000000   0x1  Data  Gb  main.o [1]
main                    0x0800081d  0x38  Code  Gb  main.o [1]
turn_off                0x0800032b  0x5a  Code  Gb  led.o [1]
turn_on                 0x08000385  0x5a  Code  Gb  led.o [1]


[1] = D:\Users\20669\Desktop\2-EXTI -Init-basic\Project\Debug\Obj
[2] = command line
[3] = dl7M_tln.a
[4] = m7M_tlv.a
[5] = rt7M_tl.a
[6] = shb_l.a

  2 656 bytes of readonly  code memory
     16 bytes of readonly  data memory
  8 193 bytes of readwrite data memory

Errors: none
Warnings: none
